Running Gradle task 'assembleRelease'...                        
flutter : WARNING: A restricted method in 
java.lang.System has been called
At line:1 char:1
+ flutter build apk > build_output.txt 2>&1
+ ~~~~~~~~~~~~~~~~~~~~~~~~~~~~~~~~~~~~~~~~~
    + CategoryInfo          : NotSpecified: (WARNING: A   
  rest...has been called:String) [], RemoteException
    + FullyQualifiedErrorId : NativeCommandError
 
WARNING: java.lang.System::load has been called by 
net.rubygrapefruit.platform.internal.NativeLibraryLoader 
in an unnamed module (file:/C:/Users/asims/.gradle/wrapper
/dists/gradle-8.11.1-all/2qik7nd48slq1ooc2496ixf4i/gradle-
8.11.1/lib/native-platform-0.22-milestone-26.jar)
WARNING: Use --enable-native-access=ALL-UNNAMED to avoid 
a warning for callers in this module
WARNING: Restricted methods will be blocked in a future 
release unless native access is enabled

Warning: The plugin flutter_plugin_android_lifecycle requires Android SDK version 36 or higher.
For more information about build configuration, see https://flutter.dev/to/review-gradle-config.
Warning: The plugin image_picker_android requires Android SDK version 36 or higher.
For more information about build configuration, see https://flutter.dev/to/review-gradle-config.
Warning: The plugin path_provider_android requires Android SDK version 36 or higher.
For more information about build configuration, see https://flutter.dev/to/review-gradle-config.
Warning: The plugin shared_preferences_android requires Android SDK version 36 or higher.
For more information about build configuration, see https://flutter.dev/to/review-gradle-config.
Warning: The plugin url_launcher_android requires Android SDK version 36 or higher.
For more information about build configuration, see https://flutter.dev/to/review-gradle-config.
Your project is configured to compile against Android SDK 
35, but the following plugin(s) require to be compiled 
against a higher Android SDK version:
- flutter_plugin_android_lifecycle compiles against 
Android SDK 36
- image_picker_android compiles against Android SDK 36
- path_provider_android compiles against Android SDK 36
- shared_preferences_android compiles against Android SDK 
36
- url_launcher_android compiles against Android SDK 36
Fix this issue by compiling against the highest Android 
SDK version (they are backward compatible).
Add the following to C:\Users\asims\Downloads\Development\
EDU_X\android\app\build.gradle.kts:

    android {
        compileSdk = 36
        ...
    }

FAILURE: Build failed with an exception.

* What went wrong:
Execution failed for task ':app:checkReleaseAarMetadata'.
> A failure occurred while executing com.android.build.gra
dle.internal.tasks.CheckAarMetadataWorkAction
   > 6 issues were found when checking AAR metadata:

       1.  Dependency 'androidx.browser:browser:1.9.0' 
requires libraries and applications that
           depend on it to compile against version 36 or 
later of the
           Android APIs.

           :app is currently compiled against android-35.

           Recommended action: Update this project to use 
a newer compileSdk
           of at least 36, for example 36.

           Note that updating a library or application's 
compileSdk (which
           allows newer APIs to be used) can be done 
separately from updating
           targetSdk (which opts the app in to new 
runtime behavior) and
           minSdk (which determines which devices the app 
can be installed
           on).

       2.  Dependency 
'androidx.activity:activity-ktx:1.12.4' requires 
libraries and applications that
           depend on it to compile against version 36 or 
later of the
           Android APIs.

           :app is currently compiled against android-35.

           Recommended action: Update this project to use 
a newer compileSdk
           of at least 36, for example 36.

           Note that updating a library or application's 
compileSdk (which
           allows newer APIs to be used) can be done 
separately from updating
           targetSdk (which opts the app in to new 
runtime behavior) and
           minSdk (which determines which devices the app 
can be installed
           on).

       3.  Dependency 'androidx.activity:activity:1.12.4' 
requires libraries and applications that
           depend on it to compile against version 36 or 
later of the
           Android APIs.

           :app is currently compiled against android-35.

           Recommended action: Update this project to use 
a newer compileSdk
           of at least 36, for example 36.

           Note that updating a library or application's 
compileSdk (which
           allows newer APIs to be used) can be done 
separately from updating
           targetSdk (which opts the app in to new 
runtime behavior) and
           minSdk (which determines which devices the app 
can be installed
           on).

       4.  Dependency 'androidx.core:core-ktx:1.17.0' 
requires libraries and applications that
           depend on it to compile against version 36 or 
later of the
           Android APIs.

           :app is currently compiled against android-35.

           Recommended action: Update this project to use 
a newer compileSdk
           of at least 36, for example 36.

           Note that updating a library or application's 
compileSdk (which
           allows newer APIs to be used) can be done 
separately from updating
           targetSdk (which opts the app in to new 
runtime behavior) and
           minSdk (which determines which devices the app 
can be installed
           on).

       5.  Dependency 'androidx.core:core:1.17.0' 
requires libraries and applications that
           depend on it to compile against version 36 or 
later of the
           Android APIs.

           :app is currently compiled against android-35.

           Recommended action: Update this project to use 
a newer compileSdk
           of at least 36, for example 36.

           Note that updating a library or application's 
compileSdk (which
           allows newer APIs to be used) can be done 
separately from updating
           targetSdk (which opts the app in to new 
runtime behavior) and
           minSdk (which determines which devices the app 
can be installed
           on).

       6.  Dependency 
'androidx.navigationevent:navigationevent-android:1.0.2' 
requires libraries and applications that
           depend on it to compile against version 36 or 
later of the
           Android APIs.

           :app is currently compiled against android-35.

           Recommended action: Update this project to use 
a newer compileSdk
           of at least 36, for example 36.

           Note that updating a library or application's 
compileSdk (which
           allows newer APIs to be used) can be done 
separately from updating
           targetSdk (which opts the app in to new 
runtime behavior) and
           minSdk (which determines which devices the app 
can be installed
           on).

* Try:
> Run with --stacktrace option to get the stack trace.
> Run with --info or --debug option to get more log 
output.
> Run with --scan to get full insights.
> Get more help at https://help.gradle.org.

BUILD FAILED in 3s
Running Gradle task 'assembleRelease'...                            3.5s
Gradle task assembleRelease failed with exit code 1
